[2025-06-27 00:24:11,274] 71 root - INFO - Dataframe Gathered
[2025-06-27 00:24:11,277] 71 root - INFO - Dataframe Gathered
[2025-06-27 00:24:12,431] 71 root - INFO - Dataframe Gathered
[2025-06-27 00:24:12,541] 253 django.request - ERROR - Internal Server Error: /predict/
Traceback (most recent call last):
  File "C:\Users\BKVY\AppData\Roaming\Python\Python313\site-packages\django\core\handlers\exception.py", line 55, in inner
    response = get_response(request)
  File "C:\Users\BKVY\AppData\Roaming\Python\Python313\site-packages\django\core\handlers\base.py", line 197, in _get_response
    response = wrapped_callback(request, *callback_args, **callback_kwargs)
  File "C:\Users\BKVY\AppData\Roaming\Python\Python313\site-packages\django\views\decorators\csrf.py", line 65, in _view_wrapper
    return view_func(request, *args, **kwargs)
  File "E:\Ineuron_Project\predictor\views.py", line 51, in predict_datapoint
    Prediction.objects.create(
    ~~~~~~~~~~~~~~~~~~~~~~~~~^
        user=request.user,
        ^^^^^^^^^^^^^^^^^^
    ...<9 lines>...
        predicted_price=result
        ^^^^^^^^^^^^^^^^^^^^^^
    )
    ^
  File "C:\Users\BKVY\AppData\Roaming\Python\Python313\site-packages\django\db\models\manager.py", line 87, in manager_method
    return getattr(self.get_queryset(), name)(*args, **kwargs)
           ~~~~~~~~~~~~~~~~~~~~~~~~~~~~~~~~~~^^^^^^^^^^^^^^^^^
  File "C:\Users\BKVY\AppData\Roaming\Python\Python313\site-packages\django\db\models\query.py", line 661, in create
    obj = self.model(**kwargs)
  File "C:\Users\BKVY\AppData\Roaming\Python\Python313\site-packages\django\db\models\base.py", line 545, in __init__
    _setattr(self, field.name, rel_obj)
    ~~~~~~~~^^^^^^^^^^^^^^^^^^^^^^^^^^^
  File "C:\Users\BKVY\AppData\Roaming\Python\Python313\site-packages\django\db\models\fields\related_descriptors.py", line 291, in __set__
    raise ValueError(
    ...<7 lines>...
    )
ValueError: Cannot assign "<SimpleLazyObject: <django.contrib.auth.models.AnonymousUser object at 0x0000024C9F6B6210>>": "Prediction.user" must be a "User" instance.
[2025-06-27 00:24:42,906] 265 django.utils.autoreload - INFO - E:\Ineuron_Project\predictor\views.py changed, reloading.
