[2025-06-27 00:24:59,486] 253 django.request - ERROR - Internal Server Error: /accounts/login/
Traceback (most recent call last):
  File "C:\Users\BKVY\AppData\Roaming\Python\Python313\site-packages\django\core\handlers\exception.py", line 55, in inner
    response = get_response(request)
  File "C:\Users\BKVY\AppData\Roaming\Python\Python313\site-packages\django\core\handlers\base.py", line 220, in _get_response
    response = response.render()
  File "C:\Users\BKVY\AppData\Roaming\Python\Python313\site-packages\django\template\response.py", line 114, in render
    self.content = self.rendered_content
                   ^^^^^^^^^^^^^^^^^^^^^
  File "C:\Users\BKVY\AppData\Roaming\Python\Python313\site-packages\django\template\response.py", line 90, in rendered_content
    template = self.resolve_template(self.template_name)
  File "C:\Users\BKVY\AppData\Roaming\Python\Python313\site-packages\django\template\response.py", line 72, in resolve_template
    return select_template(template, using=self.using)
  File "C:\Users\BKVY\AppData\Roaming\Python\Python313\site-packages\django\template\loader.py", line 47, in select_template
    raise TemplateDoesNotExist(", ".join(template_name_list), chain=chain)
django.template.exceptions.TemplateDoesNotExist: registration/login.html
[2025-06-27 00:26:14,929] 253 django.request - WARNING - Not Found: /login
[2025-06-27 00:26:33,877] 253 django.request - WARNING - Not Found: /accounts
[2025-06-27 00:27:31,007] 253 django.request - ERROR - Internal Server Error: /accounts/login/
Traceback (most recent call last):
  File "C:\Users\BKVY\AppData\Roaming\Python\Python313\site-packages\django\core\handlers\exception.py", line 55, in inner
    response = get_response(request)
  File "C:\Users\BKVY\AppData\Roaming\Python\Python313\site-packages\django\core\handlers\base.py", line 220, in _get_response
    response = response.render()
  File "C:\Users\BKVY\AppData\Roaming\Python\Python313\site-packages\django\template\response.py", line 114, in render
    self.content = self.rendered_content
                   ^^^^^^^^^^^^^^^^^^^^^
  File "C:\Users\BKVY\AppData\Roaming\Python\Python313\site-packages\django\template\response.py", line 90, in rendered_content
    template = self.resolve_template(self.template_name)
  File "C:\Users\BKVY\AppData\Roaming\Python\Python313\site-packages\django\template\response.py", line 72, in resolve_template
    return select_template(template, using=self.using)
  File "C:\Users\BKVY\AppData\Roaming\Python\Python313\site-packages\django\template\loader.py", line 47, in select_template
    raise TemplateDoesNotExist(", ".join(template_name_list), chain=chain)
django.template.exceptions.TemplateDoesNotExist: registration/login.html
[2025-06-27 00:28:00,044] 265 django.utils.autoreload - INFO - E:\Ineuron_Project\predictor\auth_urls.py changed, reloading.
